{
  "swagger": "2.0",
  "info": {
    "title": "Testing API",
    "description": "",
    "version": "v1.0.0"
  },
  "paths": {
    "/product": {
      "get": {
        "description": "Lorem ipsum dolor sit amet, consectetur adipiscing elit. Sed id malesuada lorem, et fermentum sapien. Vivamus non pharetra risus, in efficitur leo. Suspendisse sed metus sit amet mi laoreet imperdiet. Donec aliquam eros eu blandit feugiat. Quisque scelerisque justo ac vehicula bibendum. Fusce suscipit arcu nisl, eu maximus odio consequat quis. Curabitur fermentum eleifend tellus, lobortis hendrerit velit varius vitae.",
        "consumes": [
          "application/json"
        ],
        "produces": [
          "application/json",
          "application/xml"
        ],
        "tags": [
          "product"
        ],
        "summary": "this is a test summary",
        "operationId": "get-/product",
        "parameters": [],
        "responses": {
          "200": {
            "description": "OK"
          },
          "400": {
            "description": "Bad Request",
            "schema": {
              "$ref": "#/definitions/models.UnsuccessfulResponse"
            }
          }
        }
      },
      "post": {
        "description": "",
        "consumes": [
          "application/json"
        ],
        "produces": [
          "application/json",
          "application/xml"
        ],
        "tags": [
          "product"
        ],
        "summary": "",
        "operationId": "post-/product",
        "parameters": [
          {
            "description": "body",
            "name": "body",
            "in": "body",
            "required": true,
            "schema": {
              "$ref": "#/definitions/models.ProductPost"
            }
          }
        ],
        "responses": {
          "201": {
            "description": "Request Accepted",
            "schema": {
              "$ref": "#/definitions/models.SuccessfulResponse"
            }
          },
          "400": {
            "description": "Bad Request",
            "schema": {
              "$ref": "#/definitions/models.UnsuccessfulResponse"
            }
          }
        }
      }
    },
    "/product/upload": {
      "put": {
        "description": "",
        "consumes": [
          "multipart/form-data"
        ],
        "produces": [
          "application/json"
        ],
        "tags": [
          "product"
        ],
        "summary": "",
        "operationId": "put-/product/upload",
        "parameters": [
          {
            "description": "body",
            "name": "body",
            "in": "body",
            "required": true,
            "schema": {
              "$ref": "#/definitions/models.ProductUpload"
            }
          }
        ],
        "responses": {
          "200": {
            "description": "OK",
            "schema": {
              "$ref": "#/definitions/models.SuccessfulResponse"
            }
          },
          "400": {
            "description": "Bad Request",
            "schema": {
              "$ref": "#/definitions/models.UnsuccessfulResponse"
            }
          }
        }
      }
    },
    "/product/{id}": {
      "get": {
        "description": "",
        "consumes": [
          "application/json"
        ],
        "produces": [
          "application/json",
          "application/xml"
        ],
        "tags": [
          "product"
        ],
        "summary": "",
        "operationId": "get-/product/{id}",
        "parameters": [
          {
            "type": "integer",
            "description": "",
            "name": "id",
            "in": "path",
            "required": true
          }
        ],
        "responses": {
          "201": {
            "description": "Request Accepted",
            "schema": {
              "$ref": "#/definitions/models.SuccessfulResponse"
            }
          },
          "400": {
            "description": "Bad Request",
            "schema": {
              "$ref": "#/definitions/models.UnsuccessfulResponse"
            }
          }
        }
      }
    },
    "/product/{id}/detail": {
      "get": {
        "description": "",
        "consumes": [
          "application/json"
        ],
        "produces": [
          "application/json",
          "application/xml"
        ],
        "tags": [
          "product"
        ],
        "summary": "",
        "operationId": "get-/product/{id}/detail",
        "parameters": [
          {
            "type": "integer",
            "description": "",
            "name": "id",
            "in": "path",
            "required": true
          }
        ],
        "responses": {
          "201": {
            "description": "Request Accepted",
            "schema": {
              "$ref": "#/definitions/models.SuccessfulResponse"
            }
          },
          "400": {
            "description": "Bad Request",
            "schema": {
              "$ref": "#/definitions/models.UnsuccessfulResponse"
            }
          }
        }
      }
    }
  },
  "basePath": "/",
  "host": "",
  "definitions": {
    "models.EmptySuccessfulResponse": {
      "type": "object",
      "properties": {},
      "required": []
    },
    "models.ProductPost": {
      "type": "object",
      "properties": {
        "category_id": {
          "type": "integer",
          "example": 123
        },
        "merchant_id": {
          "type": "integer",
          "example": 123456
        },
        "name": {
          "type": "string",
          "example": "John Smith"
        }
      },
      "required": [
        "name",
        "merchant_id"
      ]
    },
    "models.ProductUpload": {
      "type": "object",
      "properties": {
        "file": {
          "type": "string",
          "format": "binary"
        },
        "name": {
          "type": "string",
          "example": "product"
        }
      },
      "required": [
        "name"
      ]
    },
    "models.SuccessfulResponse": {
      "type": "object",
      "properties": {
        "ID": {
          "type": "string",
          "example": "1234-1234-1234-1234"
        }
      },
      "required": [
        "ID"
      ]
    },
    "models.UnsuccessfulResponse": {
      "type": "object",
      "properties": {
        "error_msg1": {
          "type": "string"
        }
      },
      "required": [
        "error_msg1"
      ]
    }
  },
  "schemes": [
    "http",
    "https"
  ]
}